// Jest Snapshot v1, https://goo.gl/fbAQLP

exports[`test code Components 1`] = `
<div>
  <header
    className="MuiPaper-root MuiPaper-elevation MuiPaper-elevation4 MuiAppBar-root MuiAppBar-colorPrimary MuiAppBar-positionStatic css-hip9hq-MuiPaper-root-MuiAppBar-root"
  >
    <div
      className="MuiToolbar-root MuiToolbar-gutters MuiToolbar-regular css-hyum1k-MuiToolbar-root"
    >
      <button
        aria-label="menu"
        className="MuiButtonBase-root MuiIconButton-root MuiIconButton-colorInherit MuiIconButton-edgeStart MuiIconButton-sizeLarge css-ancrnh-MuiButtonBase-root-MuiIconButton-root"
        disabled={false}
        onBlur={[Function]}
        onContextMenu={[Function]}
        onDragLeave={[Function]}
        onFocus={[Function]}
        onKeyDown={[Function]}
        onKeyUp={[Function]}
        onMouseDown={[Function]}
        onMouseLeave={[Function]}
        onMouseUp={[Function]}
        onTouchEnd={[Function]}
        onTouchMove={[Function]}
        onTouchStart={[Function]}
        tabIndex={0}
        type="button"
      >
        <svg
          aria-hidden={true}
          className="MuiSvgIcon-root MuiSvgIcon-fontSizeMedium css-i4bv87-MuiSvgIcon-root"
          data-testid="MenuIcon"
          focusable="false"
          viewBox="0 0 24 24"
        >
          <path
            d="M3 18h18v-2H3zm0-5h18v-2H3zm0-7v2h18V6z"
          />
        </svg>
      </button>
      <div
        className="MuiTypography-root MuiTypography-h6 css-1juivf6-MuiTypography-root"
      >
        Todo
      </div>
      <button
        className="MuiButtonBase-root MuiButton-root MuiButton-text MuiButton-textInherit MuiButton-sizeMedium MuiButton-textSizeMedium MuiButton-colorInherit MuiButton-root MuiButton-text MuiButton-textInherit MuiButton-sizeMedium MuiButton-textSizeMedium MuiButton-colorInherit css-1y942vo-MuiButtonBase-root-MuiButton-root"
        disabled={false}
        onBlur={[Function]}
        onContextMenu={[Function]}
        onDragLeave={[Function]}
        onFocus={[Function]}
        onKeyDown={[Function]}
        onKeyUp={[Function]}
        onMouseDown={[Function]}
        onMouseLeave={[Function]}
        onMouseUp={[Function]}
        onTouchEnd={[Function]}
        onTouchMove={[Function]}
        onTouchStart={[Function]}
        tabIndex={0}
        type="button"
      >
        Login
      </button>
    </div>
  </header>
  <div
    className="MuiContainer-root MuiContainer-maxWidthLg css-1oqqzyl-MuiContainer-root"
  >
    <div
      className="inputTodo"
    >
      <div
        className="wrapper"
      >
        <div
          className="MuiFormControl-root MuiTextField-root css-1u3bzj6-MuiFormControl-root-MuiTextField-root"
          onKeyDown={[Function]}
        >
          <div
            className="MuiInputBase-root MuiOutlinedInput-root MuiInputBase-colorPrimary MuiInputBase-formControl css-9ddj71-MuiInputBase-root-MuiOutlinedInput-root"
            onClick={[Function]}
          >
            <input
              aria-invalid={false}
              autoFocus={false}
              className="MuiInputBase-input MuiOutlinedInput-input css-1t8l2tu-MuiInputBase-input-MuiOutlinedInput-input"
              disabled={false}
              id=":r0:"
              onAnimationStart={[Function]}
              onBlur={[Function]}
              onChange={[Function]}
              onFocus={[Function]}
              placeholder="Add List"
              required={false}
              type="text"
              value=""
            />
            <fieldset
              aria-hidden={true}
              className="MuiOutlinedInput-notchedOutline css-1d3z3hw-MuiOutlinedInput-notchedOutline"
            >
              <legend
                className="css-ihdtdm"
              >
                <span
                  className="notranslate"
                >
                  ​
                </span>
              </legend>
            </fieldset>
          </div>
        </div>
        <svg
          aria-hidden={true}
          className="MuiSvgIcon-root MuiSvgIcon-fontSizeMedium css-i4bv87-MuiSvgIcon-root"
          data-testid="AddIcon"
          focusable="false"
          onClick={[Function]}
          viewBox="0 0 24 24"
        >
          <path
            d="M19 13h-6v6h-2v-6H5v-2h6V5h2v6h6z"
          />
        </svg>
      </div>
    </div>
    <div
      className="todolistsWrapper"
    >
      <div
        className="baseStyleTodo"
      >
        <div
          className="MuiPaper-root MuiPaper-elevation MuiPaper-rounded MuiPaper-elevation3 paper css-3su884-MuiPaper-root"
        >
          <div
            className="headerTodo"
          >
            <h3>
              <div
                className="editWrapper"
              >
                <span
                  onDoubleClick={[Function]}
                >
                  What to learn
                </span>
              </div>
              <svg
                aria-hidden={true}
                className="MuiSvgIcon-root MuiSvgIcon-fontSizeMedium css-i4bv87-MuiSvgIcon-root"
                data-testid="DeleteIcon"
                focusable="false"
                onClick={[Function]}
                viewBox="0 0 24 24"
              >
                <path
                  d="M6 19c0 1.1.9 2 2 2h8c1.1 0 2-.9 2-2V7H6zM19 4h-3.5l-1-1h-5l-1 1H5v2h14z"
                />
              </svg>
            </h3>
          </div>
          <div
            className="wrapper"
          >
            <div
              className="MuiFormControl-root MuiTextField-root css-1u3bzj6-MuiFormControl-root-MuiTextField-root"
              onKeyDown={[Function]}
            >
              <div
                className="MuiInputBase-root MuiOutlinedInput-root MuiInputBase-colorPrimary MuiInputBase-formControl css-9ddj71-MuiInputBase-root-MuiOutlinedInput-root"
                onClick={[Function]}
              >
                <input
                  aria-invalid={false}
                  autoFocus={false}
                  className="MuiInputBase-input MuiOutlinedInput-input css-1t8l2tu-MuiInputBase-input-MuiOutlinedInput-input"
                  disabled={false}
                  id=":r1:"
                  onAnimationStart={[Function]}
                  onBlur={[Function]}
                  onChange={[Function]}
                  onFocus={[Function]}
                  placeholder="Add Task"
                  required={false}
                  type="text"
                  value=""
                />
                <fieldset
                  aria-hidden={true}
                  className="MuiOutlinedInput-notchedOutline css-1d3z3hw-MuiOutlinedInput-notchedOutline"
                >
                  <legend
                    className="css-ihdtdm"
                  >
                    <span
                      className="notranslate"
                    >
                      ​
                    </span>
                  </legend>
                </fieldset>
              </div>
            </div>
            <svg
              aria-hidden={true}
              className="MuiSvgIcon-root MuiSvgIcon-fontSizeMedium css-i4bv87-MuiSvgIcon-root"
              data-testid="AddIcon"
              focusable="false"
              onClick={[Function]}
              viewBox="0 0 24 24"
            >
              <path
                d="M19 13h-6v6h-2v-6H5v-2h6V5h2v6h6z"
              />
            </svg>
          </div>
          <div
            className="wrapperListTasks"
          >
            <ul>
              <div
                className="wrapperTasks"
              >
                <li
                  className="taskIsDone"
                >
                  <div
                    className="editWrapper"
                  >
                    <span
                      onDoubleClick={[Function]}
                    >
                      Css
                    </span>
                  </div>
                  <div
                    className="wrapperCheckbox"
                  >
                    <span
                      className="MuiButtonBase-root MuiCheckbox-root MuiCheckbox-colorPrimary MuiCheckbox-sizeSmall PrivateSwitchBase-root MuiCheckbox-root MuiCheckbox-colorPrimary MuiCheckbox-sizeSmall Mui-checked MuiCheckbox-root MuiCheckbox-colorPrimary MuiCheckbox-sizeSmall css-1oxcmra-MuiButtonBase-root-MuiCheckbox-root"
                      onBlur={[Function]}
                      onContextMenu={[Function]}
                      onDragLeave={[Function]}
                      onFocus={[Function]}
                      onKeyDown={[Function]}
                      onKeyUp={[Function]}
                      onMouseDown={[Function]}
                      onMouseLeave={[Function]}
                      onMouseUp={[Function]}
                      onTouchEnd={[Function]}
                      onTouchMove={[Function]}
                      onTouchStart={[Function]}
                      tabIndex={null}
                    >
                      <input
                        checked={true}
                        className="PrivateSwitchBase-input css-1m9pwf3"
                        data-indeterminate={false}
                        onChange={[Function]}
                        required={false}
                        type="checkbox"
                      />
                      <svg
                        aria-hidden={true}
                        className="MuiSvgIcon-root MuiSvgIcon-fontSizeSmall css-ptiqhd-MuiSvgIcon-root"
                        data-testid="CheckBoxIcon"
                        focusable="false"
                        viewBox="0 0 24 24"
                      >
                        <path
                          d="M19 3H5c-1.11 0-2 .9-2 2v14c0 1.1.89 2 2 2h14c1.11 0 2-.9 2-2V5c0-1.1-.89-2-2-2zm-9 14l-5-5 1.41-1.41L10 14.17l7.59-7.59L19 8l-9 9z"
                        />
                      </svg>
                    </span>
                    <svg
                      aria-hidden={true}
                      className="MuiSvgIcon-root MuiSvgIcon-fontSizeMedium css-i4bv87-MuiSvgIcon-root"
                      data-testid="DeleteIcon"
                      focusable="false"
                      onClick={[Function]}
                      viewBox="0 0 24 24"
                    >
                      <path
                        d="M6 19c0 1.1.9 2 2 2h8c1.1 0 2-.9 2-2V7H6zM19 4h-3.5l-1-1h-5l-1 1H5v2h14z"
                      />
                    </svg>
                  </div>
                </li>
              </div>
              <div
                className="wrapperTasks"
              >
                <li
                  className=""
                >
                  <div
                    className="editWrapper"
                  >
                    <span
                      onDoubleClick={[Function]}
                    >
                      React
                    </span>
                  </div>
                  <div
                    className="wrapperCheckbox"
                  >
                    <span
                      className="MuiButtonBase-root MuiCheckbox-root MuiCheckbox-colorPrimary MuiCheckbox-sizeSmall PrivateSwitchBase-root MuiCheckbox-root MuiCheckbox-colorPrimary MuiCheckbox-sizeSmall MuiCheckbox-root MuiCheckbox-colorPrimary MuiCheckbox-sizeSmall css-1oxcmra-MuiButtonBase-root-MuiCheckbox-root"
                      onBlur={[Function]}
                      onContextMenu={[Function]}
                      onDragLeave={[Function]}
                      onFocus={[Function]}
                      onKeyDown={[Function]}
                      onKeyUp={[Function]}
                      onMouseDown={[Function]}
                      onMouseLeave={[Function]}
                      onMouseUp={[Function]}
                      onTouchEnd={[Function]}
                      onTouchMove={[Function]}
                      onTouchStart={[Function]}
                      tabIndex={null}
                    >
                      <input
                        checked={false}
                        className="PrivateSwitchBase-input css-1m9pwf3"
                        data-indeterminate={false}
                        onChange={[Function]}
                        required={false}
                        type="checkbox"
                      />
                      <svg
                        aria-hidden={true}
                        className="MuiSvgIcon-root MuiSvgIcon-fontSizeSmall css-ptiqhd-MuiSvgIcon-root"
                        data-testid="CheckBoxOutlineBlankIcon"
                        focusable="false"
                        viewBox="0 0 24 24"
                      >
                        <path
                          d="M19 5v14H5V5h14m0-2H5c-1.1 0-2 .9-2 2v14c0 1.1.9 2 2 2h14c1.1 0 2-.9 2-2V5c0-1.1-.9-2-2-2z"
                        />
                      </svg>
                    </span>
                    <svg
                      aria-hidden={true}
                      className="MuiSvgIcon-root MuiSvgIcon-fontSizeMedium css-i4bv87-MuiSvgIcon-root"
                      data-testid="DeleteIcon"
                      focusable="false"
                      onClick={[Function]}
                      viewBox="0 0 24 24"
                    >
                      <path
                        d="M6 19c0 1.1.9 2 2 2h8c1.1 0 2-.9 2-2V7H6zM19 4h-3.5l-1-1h-5l-1 1H5v2h14z"
                      />
                    </svg>
                  </div>
                </li>
              </div>
              <div
                className="wrapperTasks"
              >
                <li
                  className=""
                >
                  <div
                    className="editWrapper"
                  >
                    <span
                      onDoubleClick={[Function]}
                    >
                      TypeScript
                    </span>
                  </div>
                  <div
                    className="wrapperCheckbox"
                  >
                    <span
                      className="MuiButtonBase-root MuiCheckbox-root MuiCheckbox-colorPrimary MuiCheckbox-sizeSmall PrivateSwitchBase-root MuiCheckbox-root MuiCheckbox-colorPrimary MuiCheckbox-sizeSmall MuiCheckbox-root MuiCheckbox-colorPrimary MuiCheckbox-sizeSmall css-1oxcmra-MuiButtonBase-root-MuiCheckbox-root"
                      onBlur={[Function]}
                      onContextMenu={[Function]}
                      onDragLeave={[Function]}
                      onFocus={[Function]}
                      onKeyDown={[Function]}
                      onKeyUp={[Function]}
                      onMouseDown={[Function]}
                      onMouseLeave={[Function]}
                      onMouseUp={[Function]}
                      onTouchEnd={[Function]}
                      onTouchMove={[Function]}
                      onTouchStart={[Function]}
                      tabIndex={null}
                    >
                      <input
                        checked={false}
                        className="PrivateSwitchBase-input css-1m9pwf3"
                        data-indeterminate={false}
                        onChange={[Function]}
                        required={false}
                        type="checkbox"
                      />
                      <svg
                        aria-hidden={true}
                        className="MuiSvgIcon-root MuiSvgIcon-fontSizeSmall css-ptiqhd-MuiSvgIcon-root"
                        data-testid="CheckBoxOutlineBlankIcon"
                        focusable="false"
                        viewBox="0 0 24 24"
                      >
                        <path
                          d="M19 5v14H5V5h14m0-2H5c-1.1 0-2 .9-2 2v14c0 1.1.9 2 2 2h14c1.1 0 2-.9 2-2V5c0-1.1-.9-2-2-2z"
                        />
                      </svg>
                    </span>
                    <svg
                      aria-hidden={true}
                      className="MuiSvgIcon-root MuiSvgIcon-fontSizeMedium css-i4bv87-MuiSvgIcon-root"
                      data-testid="DeleteIcon"
                      focusable="false"
                      onClick={[Function]}
                      viewBox="0 0 24 24"
                    >
                      <path
                        d="M6 19c0 1.1.9 2 2 2h8c1.1 0 2-.9 2-2V7H6zM19 4h-3.5l-1-1h-5l-1 1H5v2h14z"
                      />
                    </svg>
                  </div>
                </li>
              </div>
            </ul>
          </div>
          <div
            className="buttonFilters"
          >
            <button
              className="MuiButtonBase-root MuiButton-root MuiButton-contained MuiButton-containedPrimary MuiButton-sizeSmall MuiButton-containedSizeSmall MuiButton-colorPrimary MuiButton-root MuiButton-contained MuiButton-containedPrimary MuiButton-sizeSmall MuiButton-containedSizeSmall MuiButton-colorPrimary css-11qr2p8-MuiButtonBase-root-MuiButton-root"
              disabled={false}
              onBlur={[Function]}
              onClick={[Function]}
              onContextMenu={[Function]}
              onDragLeave={[Function]}
              onFocus={[Function]}
              onKeyDown={[Function]}
              onKeyUp={[Function]}
              onMouseDown={[Function]}
              onMouseLeave={[Function]}
              onMouseUp={[Function]}
              onTouchEnd={[Function]}
              onTouchMove={[Function]}
              onTouchStart={[Function]}
              tabIndex={0}
              type="button"
            >
              All
            </button>
            <button
              className="MuiButtonBase-root MuiButton-root MuiButton-outlined MuiButton-outlinedPrimary MuiButton-sizeSmall MuiButton-outlinedSizeSmall MuiButton-colorPrimary MuiButton-root MuiButton-outlined MuiButton-outlinedPrimary MuiButton-sizeSmall MuiButton-outlinedSizeSmall MuiButton-colorPrimary css-1k23hlb-MuiButtonBase-root-MuiButton-root"
              disabled={false}
              onBlur={[Function]}
              onClick={[Function]}
              onContextMenu={[Function]}
              onDragLeave={[Function]}
              onFocus={[Function]}
              onKeyDown={[Function]}
              onKeyUp={[Function]}
              onMouseDown={[Function]}
              onMouseLeave={[Function]}
              onMouseUp={[Function]}
              onTouchEnd={[Function]}
              onTouchMove={[Function]}
              onTouchStart={[Function]}
              tabIndex={0}
              type="button"
            >
              Active
            </button>
            <button
              className="MuiButtonBase-root MuiButton-root MuiButton-outlined MuiButton-outlinedPrimary MuiButton-sizeSmall MuiButton-outlinedSizeSmall MuiButton-colorPrimary MuiButton-root MuiButton-outlined MuiButton-outlinedPrimary MuiButton-sizeSmall MuiButton-outlinedSizeSmall MuiButton-colorPrimary css-1k23hlb-MuiButtonBase-root-MuiButton-root"
              disabled={false}
              onBlur={[Function]}
              onClick={[Function]}
              onContextMenu={[Function]}
              onDragLeave={[Function]}
              onFocus={[Function]}
              onKeyDown={[Function]}
              onKeyUp={[Function]}
              onMouseDown={[Function]}
              onMouseLeave={[Function]}
              onMouseUp={[Function]}
              onTouchEnd={[Function]}
              onTouchMove={[Function]}
              onTouchStart={[Function]}
              tabIndex={0}
              type="button"
            >
              Complited
            </button>
          </div>
        </div>
      </div>
      <div
        className="baseStyleTodo"
      >
        <div
          className="MuiPaper-root MuiPaper-elevation MuiPaper-rounded MuiPaper-elevation3 paper css-3su884-MuiPaper-root"
        >
          <div
            className="headerTodo"
          >
            <h3>
              <div
                className="editWrapper"
              >
                <span
                  onDoubleClick={[Function]}
                >
                  What to buy
                </span>
              </div>
              <svg
                aria-hidden={true}
                className="MuiSvgIcon-root MuiSvgIcon-fontSizeMedium css-i4bv87-MuiSvgIcon-root"
                data-testid="DeleteIcon"
                focusable="false"
                onClick={[Function]}
                viewBox="0 0 24 24"
              >
                <path
                  d="M6 19c0 1.1.9 2 2 2h8c1.1 0 2-.9 2-2V7H6zM19 4h-3.5l-1-1h-5l-1 1H5v2h14z"
                />
              </svg>
            </h3>
          </div>
          <div
            className="wrapper"
          >
            <div
              className="MuiFormControl-root MuiTextField-root css-1u3bzj6-MuiFormControl-root-MuiTextField-root"
              onKeyDown={[Function]}
            >
              <div
                className="MuiInputBase-root MuiOutlinedInput-root MuiInputBase-colorPrimary MuiInputBase-formControl css-9ddj71-MuiInputBase-root-MuiOutlinedInput-root"
                onClick={[Function]}
              >
                <input
                  aria-invalid={false}
                  autoFocus={false}
                  className="MuiInputBase-input MuiOutlinedInput-input css-1t8l2tu-MuiInputBase-input-MuiOutlinedInput-input"
                  disabled={false}
                  id=":r2:"
                  onAnimationStart={[Function]}
                  onBlur={[Function]}
                  onChange={[Function]}
                  onFocus={[Function]}
                  placeholder="Add Task"
                  required={false}
                  type="text"
                  value=""
                />
                <fieldset
                  aria-hidden={true}
                  className="MuiOutlinedInput-notchedOutline css-1d3z3hw-MuiOutlinedInput-notchedOutline"
                >
                  <legend
                    className="css-ihdtdm"
                  >
                    <span
                      className="notranslate"
                    >
                      ​
                    </span>
                  </legend>
                </fieldset>
              </div>
            </div>
            <svg
              aria-hidden={true}
              className="MuiSvgIcon-root MuiSvgIcon-fontSizeMedium css-i4bv87-MuiSvgIcon-root"
              data-testid="AddIcon"
              focusable="false"
              onClick={[Function]}
              viewBox="0 0 24 24"
            >
              <path
                d="M19 13h-6v6h-2v-6H5v-2h6V5h2v6h6z"
              />
            </svg>
          </div>
          <div
            className="wrapperListTasks"
          >
            <ul>
              <div
                className="wrapperTasks"
              >
                <li
                  className="taskIsDone"
                >
                  <div
                    className="editWrapper"
                  >
                    <span
                      onDoubleClick={[Function]}
                    >
                      book
                    </span>
                  </div>
                  <div
                    className="wrapperCheckbox"
                  >
                    <span
                      className="MuiButtonBase-root MuiCheckbox-root MuiCheckbox-colorPrimary MuiCheckbox-sizeSmall PrivateSwitchBase-root MuiCheckbox-root MuiCheckbox-colorPrimary MuiCheckbox-sizeSmall Mui-checked MuiCheckbox-root MuiCheckbox-colorPrimary MuiCheckbox-sizeSmall css-1oxcmra-MuiButtonBase-root-MuiCheckbox-root"
                      onBlur={[Function]}
                      onContextMenu={[Function]}
                      onDragLeave={[Function]}
                      onFocus={[Function]}
                      onKeyDown={[Function]}
                      onKeyUp={[Function]}
                      onMouseDown={[Function]}
                      onMouseLeave={[Function]}
                      onMouseUp={[Function]}
                      onTouchEnd={[Function]}
                      onTouchMove={[Function]}
                      onTouchStart={[Function]}
                      tabIndex={null}
                    >
                      <input
                        checked={true}
                        className="PrivateSwitchBase-input css-1m9pwf3"
                        data-indeterminate={false}
                        onChange={[Function]}
                        required={false}
                        type="checkbox"
                      />
                      <svg
                        aria-hidden={true}
                        className="MuiSvgIcon-root MuiSvgIcon-fontSizeSmall css-ptiqhd-MuiSvgIcon-root"
                        data-testid="CheckBoxIcon"
                        focusable="false"
                        viewBox="0 0 24 24"
                      >
                        <path
                          d="M19 3H5c-1.11 0-2 .9-2 2v14c0 1.1.89 2 2 2h14c1.11 0 2-.9 2-2V5c0-1.1-.89-2-2-2zm-9 14l-5-5 1.41-1.41L10 14.17l7.59-7.59L19 8l-9 9z"
                        />
                      </svg>
                    </span>
                    <svg
                      aria-hidden={true}
                      className="MuiSvgIcon-root MuiSvgIcon-fontSizeMedium css-i4bv87-MuiSvgIcon-root"
                      data-testid="DeleteIcon"
                      focusable="false"
                      onClick={[Function]}
                      viewBox="0 0 24 24"
                    >
                      <path
                        d="M6 19c0 1.1.9 2 2 2h8c1.1 0 2-.9 2-2V7H6zM19 4h-3.5l-1-1h-5l-1 1H5v2h14z"
                      />
                    </svg>
                  </div>
                </li>
              </div>
              <div
                className="wrapperTasks"
              >
                <li
                  className=""
                >
                  <div
                    className="editWrapper"
                  >
                    <span
                      onDoubleClick={[Function]}
                    >
                      bread
                    </span>
                  </div>
                  <div
                    className="wrapperCheckbox"
                  >
                    <span
                      className="MuiButtonBase-root MuiCheckbox-root MuiCheckbox-colorPrimary MuiCheckbox-sizeSmall PrivateSwitchBase-root MuiCheckbox-root MuiCheckbox-colorPrimary MuiCheckbox-sizeSmall MuiCheckbox-root MuiCheckbox-colorPrimary MuiCheckbox-sizeSmall css-1oxcmra-MuiButtonBase-root-MuiCheckbox-root"
                      onBlur={[Function]}
                      onContextMenu={[Function]}
                      onDragLeave={[Function]}
                      onFocus={[Function]}
                      onKeyDown={[Function]}
                      onKeyUp={[Function]}
                      onMouseDown={[Function]}
                      onMouseLeave={[Function]}
                      onMouseUp={[Function]}
                      onTouchEnd={[Function]}
                      onTouchMove={[Function]}
                      onTouchStart={[Function]}
                      tabIndex={null}
                    >
                      <input
                        checked={false}
                        className="PrivateSwitchBase-input css-1m9pwf3"
                        data-indeterminate={false}
                        onChange={[Function]}
                        required={false}
                        type="checkbox"
                      />
                      <svg
                        aria-hidden={true}
                        className="MuiSvgIcon-root MuiSvgIcon-fontSizeSmall css-ptiqhd-MuiSvgIcon-root"
                        data-testid="CheckBoxOutlineBlankIcon"
                        focusable="false"
                        viewBox="0 0 24 24"
                      >
                        <path
                          d="M19 5v14H5V5h14m0-2H5c-1.1 0-2 .9-2 2v14c0 1.1.9 2 2 2h14c1.1 0 2-.9 2-2V5c0-1.1-.9-2-2-2z"
                        />
                      </svg>
                    </span>
                    <svg
                      aria-hidden={true}
                      className="MuiSvgIcon-root MuiSvgIcon-fontSizeMedium css-i4bv87-MuiSvgIcon-root"
                      data-testid="DeleteIcon"
                      focusable="false"
                      onClick={[Function]}
                      viewBox="0 0 24 24"
                    >
                      <path
                        d="M6 19c0 1.1.9 2 2 2h8c1.1 0 2-.9 2-2V7H6zM19 4h-3.5l-1-1h-5l-1 1H5v2h14z"
                      />
                    </svg>
                  </div>
                </li>
              </div>
              <div
                className="wrapperTasks"
              >
                <li
                  className=""
                >
                  <div
                    className="editWrapper"
                  >
                    <span
                      onDoubleClick={[Function]}
                    >
                      milk
                    </span>
                  </div>
                  <div
                    className="wrapperCheckbox"
                  >
                    <span
                      className="MuiButtonBase-root MuiCheckbox-root MuiCheckbox-colorPrimary MuiCheckbox-sizeSmall PrivateSwitchBase-root MuiCheckbox-root MuiCheckbox-colorPrimary MuiCheckbox-sizeSmall MuiCheckbox-root MuiCheckbox-colorPrimary MuiCheckbox-sizeSmall css-1oxcmra-MuiButtonBase-root-MuiCheckbox-root"
                      onBlur={[Function]}
                      onContextMenu={[Function]}
                      onDragLeave={[Function]}
                      onFocus={[Function]}
                      onKeyDown={[Function]}
                      onKeyUp={[Function]}
                      onMouseDown={[Function]}
                      onMouseLeave={[Function]}
                      onMouseUp={[Function]}
                      onTouchEnd={[Function]}
                      onTouchMove={[Function]}
                      onTouchStart={[Function]}
                      tabIndex={null}
                    >
                      <input
                        checked={false}
                        className="PrivateSwitchBase-input css-1m9pwf3"
                        data-indeterminate={false}
                        onChange={[Function]}
                        required={false}
                        type="checkbox"
                      />
                      <svg
                        aria-hidden={true}
                        className="MuiSvgIcon-root MuiSvgIcon-fontSizeSmall css-ptiqhd-MuiSvgIcon-root"
                        data-testid="CheckBoxOutlineBlankIcon"
                        focusable="false"
                        viewBox="0 0 24 24"
                      >
                        <path
                          d="M19 5v14H5V5h14m0-2H5c-1.1 0-2 .9-2 2v14c0 1.1.9 2 2 2h14c1.1 0 2-.9 2-2V5c0-1.1-.9-2-2-2z"
                        />
                      </svg>
                    </span>
                    <svg
                      aria-hidden={true}
                      className="MuiSvgIcon-root MuiSvgIcon-fontSizeMedium css-i4bv87-MuiSvgIcon-root"
                      data-testid="DeleteIcon"
                      focusable="false"
                      onClick={[Function]}
                      viewBox="0 0 24 24"
                    >
                      <path
                        d="M6 19c0 1.1.9 2 2 2h8c1.1 0 2-.9 2-2V7H6zM19 4h-3.5l-1-1h-5l-1 1H5v2h14z"
                      />
                    </svg>
                  </div>
                </li>
              </div>
            </ul>
          </div>
          <div
            className="buttonFilters"
          >
            <button
              className="MuiButtonBase-root MuiButton-root MuiButton-contained MuiButton-containedPrimary MuiButton-sizeSmall MuiButton-containedSizeSmall MuiButton-colorPrimary MuiButton-root MuiButton-contained MuiButton-containedPrimary MuiButton-sizeSmall MuiButton-containedSizeSmall MuiButton-colorPrimary css-11qr2p8-MuiButtonBase-root-MuiButton-root"
              disabled={false}
              onBlur={[Function]}
              onClick={[Function]}
              onContextMenu={[Function]}
              onDragLeave={[Function]}
              onFocus={[Function]}
              onKeyDown={[Function]}
              onKeyUp={[Function]}
              onMouseDown={[Function]}
              onMouseLeave={[Function]}
              onMouseUp={[Function]}
              onTouchEnd={[Function]}
              onTouchMove={[Function]}
              onTouchStart={[Function]}
              tabIndex={0}
              type="button"
            >
              All
            </button>
            <button
              className="MuiButtonBase-root MuiButton-root MuiButton-outlined MuiButton-outlinedPrimary MuiButton-sizeSmall MuiButton-outlinedSizeSmall MuiButton-colorPrimary MuiButton-root MuiButton-outlined MuiButton-outlinedPrimary MuiButton-sizeSmall MuiButton-outlinedSizeSmall MuiButton-colorPrimary css-1k23hlb-MuiButtonBase-root-MuiButton-root"
              disabled={false}
              onBlur={[Function]}
              onClick={[Function]}
              onContextMenu={[Function]}
              onDragLeave={[Function]}
              onFocus={[Function]}
              onKeyDown={[Function]}
              onKeyUp={[Function]}
              onMouseDown={[Function]}
              onMouseLeave={[Function]}
              onMouseUp={[Function]}
              onTouchEnd={[Function]}
              onTouchMove={[Function]}
              onTouchStart={[Function]}
              tabIndex={0}
              type="button"
            >
              Active
            </button>
            <button
              className="MuiButtonBase-root MuiButton-root MuiButton-outlined MuiButton-outlinedPrimary MuiButton-sizeSmall MuiButton-outlinedSizeSmall MuiButton-colorPrimary MuiButton-root MuiButton-outlined MuiButton-outlinedPrimary MuiButton-sizeSmall MuiButton-outlinedSizeSmall MuiButton-colorPrimary css-1k23hlb-MuiButtonBase-root-MuiButton-root"
              disabled={false}
              onBlur={[Function]}
              onClick={[Function]}
              onContextMenu={[Function]}
              onDragLeave={[Function]}
              onFocus={[Function]}
              onKeyDown={[Function]}
              onKeyUp={[Function]}
              onMouseDown={[Function]}
              onMouseLeave={[Function]}
              onMouseUp={[Function]}
              onTouchEnd={[Function]}
              onTouchMove={[Function]}
              onTouchStart={[Function]}
              tabIndex={0}
              type="button"
            >
              Complited
            </button>
          </div>
        </div>
      </div>
    </div>
  </div>
</div>
`;
